EN multiplexer2bit NULL D:/VHDLExample/RunningText/Multiplexer2bit.vhd sub00/vhpl19 1369334131
EN sevsegconv NULL D:/VHDLExample/RunningText/Main.vhd sub00/vhpl09 1369334121
AR multiplexer4to1 behavioral D:/VHDLExample/RunningText/Multiplexer4to1.vhd sub00/vhpl08 1369334120
AR runmain behavioral D:/VHDLExample/RunningText/RunMain.vhd sub00/vhpl22 1369334134
EN counter2bit NULL D:/VHDLExample/RunningText/Counter2Bit.vhd sub00/vhpl03 1369334115
AR sevsegconv behavioral D:/VHDLExample/RunningText/Main.vhd sub00/vhpl10 1369334122
AR stackwpo behavioral D:/VHDLExample/RunningText/StackwPO.vhd sub00/vhpl16 1369334128
EN clkdiv NULL D:/VHDLExample/RunningText/ClockDivider.vhd sub00/vhpl13 1369334125
AR sevsegint behavioral D:/VHDLExample/RunningText/Mux8Bit4to1.vhd sub00/vhpl18 1369334130
AR counter2bit behavioral D:/VHDLExample/RunningText/Counter2Bit.vhd sub00/vhpl04 1369334116
EN dec2to4 NULL D:/VHDLExample/RunningText/Dec2to4.vhd sub00/vhpl05 1369334117
EN runmain NULL D:/VHDLExample/RunningText/RunMain.vhd sub00/vhpl21 1369334133
EN sr11wpl NULL D:/VHDLExample/RunningText/SR4wPL.vhd sub00/vhpl11 1369334123
AR clkdiv clkdiv D:/VHDLExample/RunningText/ClockDivider.vhd sub00/vhpl14 1369334126
AR dec1to2 behavioral D:/VHDLExample/RunningText/Dec1to2.vhd sub00/vhpl02 1369334114
EN multiplexer4to1 NULL D:/VHDLExample/RunningText/Multiplexer4to1.vhd sub00/vhpl07 1369334119
AR sr11wpl behavioral D:/VHDLExample/RunningText/SR4wPL.vhd sub00/vhpl12 1369334124
AR dec2to4 behavioral D:/VHDLExample/RunningText/Dec2to4.vhd sub00/vhpl06 1369334118
EN dec1to2 NULL D:/VHDLExample/RunningText/Dec1to2.vhd sub00/vhpl01 1369334113
EN stackwpo NULL D:/VHDLExample/RunningText/StackwPO.vhd sub00/vhpl15 1369334127
EN sr4wpl NULL D:/VHDLExample/RunningText/SR4wPL.vhd sub00/vhpl00 1369331463
EN sevsegint NULL D:/VHDLExample/RunningText/Mux8Bit4to1.vhd sub00/vhpl17 1369334129
AR multiplexer2bit behavioral D:/VHDLExample/RunningText/Multiplexer2bit.vhd sub00/vhpl20 1369334132
